[1/7] Compiling Vulkan shaders...
[2/7] Building CXX object CMakeFiles/EngineRuntime.dir/Runtime/Private/EngineRuntime.cpp.obj
FAILED: [code=1] CMakeFiles/EngineRuntime.dir/Runtime/Private/EngineRuntime.cpp.obj 
"D:\CLion 2026.1\bin\mingw\bin\g++.exe" -DENG_ENABLE_LOG -DENG_ENABLE_PROFILE -DNOMINMAX -ID:/OmnixEngine -ID:/OmnixEngine/Core -ID:/OmnixEngine/ECS -ID:/OmnixEngine/ECS/Public -ID:/OmnixEngine/Scene -ID:/OmnixEngine/Scene/Public -ID:/OmnixEngine/Serializer -ID:/OmnixEngine/Serializer/Serialization -ID:/OmnixEngine/Components -ID:/OmnixEngine/Data -ID:/OmnixEngine/RenderingEngine -ID:/OmnixEngine/RenderingEngine/Public -ID:/OmnixEngine/RenderingEngine/ThirdParty -ID:/OmnixEngine/RenderingEngine/ThirdParty/tinyglf -ID:/OmnixEngine/RenderingEngine/ThirdParty/stb -ID:/OmnixEngine/Systems/Scheduler/Public -ID:/OmnixEngine/ThirdParty -ID:/OmnixEngine/ThirdParty/nlohmann -IC:/Users/nayan/vcpkg/packages/glfw3_x64-mingw-static/include -isystem C:/VulkanSDK/1.4.341.1/include -std=c++17 -MD -MT CMakeFiles/EngineRuntime.dir/Runtime/Private/EngineRuntime.cpp.obj -MF CMakeFiles\EngineRuntime.dir\Runtime\Private\EngineRuntime.cpp.obj.d -o CMakeFiles/EngineRuntime.dir/Runtime/Private/EngineRuntime.cpp.obj -c D:/OmnixEngine/Runtime/Private/EngineRuntime.cpp
[3/7] Building CXX object CMakeFiles/EngineRuntime.dir/Runtime/Private/EditorLayer.cpp.obj
FAILED: [code=1] CMakeFiles/EngineRuntime.dir/Runtime/Private/EditorLayer.cpp.obj 
"D:\CLion 2026.1\bin\mingw\bin\g++.exe" -DENG_ENABLE_LOG -DENG_ENABLE_PROFILE -DNOMINMAX -ID:/OmnixEngine -ID:/OmnixEngine/Core -ID:/OmnixEngine/ECS -ID:/OmnixEngine/ECS/Public -ID:/OmnixEngine/Scene -ID:/OmnixEngine/Scene/Public -ID:/OmnixEngine/Serializer -ID:/OmnixEngine/Serializer/Serialization -ID:/OmnixEngine/Components -ID:/OmnixEngine/Data -ID:/OmnixEngine/RenderingEngine -ID:/OmnixEngine/RenderingEngine/Public -ID:/OmnixEngine/RenderingEngine/ThirdParty -ID:/OmnixEngine/RenderingEngine/ThirdParty/tinyglf -ID:/OmnixEngine/RenderingEngine/ThirdParty/stb -ID:/OmnixEngine/Systems/Scheduler/Public -ID:/OmnixEngine/ThirdParty -ID:/OmnixEngine/ThirdParty/nlohmann -IC:/Users/nayan/vcpkg/packages/glfw3_x64-mingw-static/include -isystem C:/VulkanSDK/1.4.341.1/include -std=c++17 -MD -MT CMakeFiles/EngineRuntime.dir/Runtime/Private/EditorLayer.cpp.obj -MF CMakeFiles\EngineRuntime.dir\Runtime\Private\EditorLayer.cpp.obj.d -o CMakeFiles/EngineRuntime.dir/Runtime/Private/EditorLayer.cpp.obj -c D:/OmnixEngine/Runtime/Private/EditorLayer.cpp
[4/7] Building CXX object CMakeFiles/EngineRuntime.dir/Runtime/Private/RuntimeDiagnostics.cpp.obj
FAILED: [code=1] CMakeFiles/EngineRuntime.dir/Runtime/Private/RuntimeDiagnostics.cpp.obj 
"D:\CLion 2026.1\bin\mingw\bin\g++.exe" -DENG_ENABLE_LOG -DENG_ENABLE_PROFILE -DNOMINMAX -ID:/OmnixEngine -ID:/OmnixEngine/Core -ID:/OmnixEngine/ECS -ID:/OmnixEngine/ECS/Public -ID:/OmnixEngine/Scene -ID:/OmnixEngine/Scene/Public -ID:/OmnixEngine/Serializer -ID:/OmnixEngine/Serializer/Serialization -ID:/OmnixEngine/Components -ID:/OmnixEngine/Data -ID:/OmnixEngine/RenderingEngine -ID:/OmnixEngine/RenderingEngine/Public -ID:/OmnixEngine/RenderingEngine/ThirdParty -ID:/OmnixEngine/RenderingEngine/ThirdParty/tinyglf -ID:/OmnixEngine/RenderingEngine/ThirdParty/stb -ID:/OmnixEngine/Systems/Scheduler/Public -ID:/OmnixEngine/ThirdParty -ID:/OmnixEngine/ThirdParty/nlohmann -IC:/Users/nayan/vcpkg/packages/glfw3_x64-mingw-static/include -isystem C:/VulkanSDK/1.4.341.1/include -std=c++17 -MD -MT CMakeFiles/EngineRuntime.dir/Runtime/Private/RuntimeDiagnostics.cpp.obj -MF CMakeFiles\EngineRuntime.dir\Runtime\Private\RuntimeDiagnostics.cpp.obj.d -o CMakeFiles/EngineRuntime.dir/Runtime/Private/RuntimeDiagnostics.cpp.obj -c D:/OmnixEngine/Runtime/Private/RuntimeDiagnostics.cpp
[5/7] Building CXX object CMakeFiles/Application.dir/main.cpp.obj
FAILED: [code=1] CMakeFiles/Application.dir/main.cpp.obj 
"D:\CLion 2026.1\bin\mingw\bin\g++.exe" -DENG_ENABLE_LOG -DENG_ENABLE_PROFILE -DNOMINMAX -ID:/OmnixEngine -ID:/OmnixEngine/Core -ID:/OmnixEngine/ECS -ID:/OmnixEngine/ECS/Public -ID:/OmnixEngine/Scene -ID:/OmnixEngine/Scene/Public -ID:/OmnixEngine/Serializer -ID:/OmnixEngine/Serializer/Serialization -ID:/OmnixEngine/Components -ID:/OmnixEngine/Data -ID:/OmnixEngine/RenderingEngine -ID:/OmnixEngine/RenderingEngine/Public -ID:/OmnixEngine/RenderingEngine/ThirdParty -ID:/OmnixEngine/RenderingEngine/ThirdParty/tinyglf -ID:/OmnixEngine/RenderingEngine/ThirdParty/stb -ID:/OmnixEngine/Systems/Scheduler/Public -ID:/OmnixEngine/ThirdParty -ID:/OmnixEngine/ThirdParty/nlohmann -IC:/Users/nayan/vcpkg/packages/glfw3_x64-mingw-static/include -isystem C:/VulkanSDK/1.4.341.1/include -std=c++17 -MD -MT CMakeFiles/Application.dir/main.cpp.obj -MF CMakeFiles\Application.dir\main.cpp.obj.d -o CMakeFiles/Application.dir/main.cpp.obj -c D:/OmnixEngine/main.cpp
ninja: build stopped: subcommand failed.
